// Jest Snapshot v1, https://goo.gl/fbAQLP

exports[`Given <ContactListContainer /> When it initializes Then should match the snapshot 1`] = `
<div>
  <main
    class="main"
  >
    <header
      class="MuiPaper-root MuiAppBar-root MuiAppBar-positionStatic MuiAppBar-colorPrimary MuiPaper-elevation4"
    >
      <div
        class="MuiToolbar-root MuiToolbar-regular MuiToolbar-gutters"
      >
        <a
          href="/"
          style="text-decoration: none;"
        >
          <h6
            class="MuiTypography-root MuiTypography-h6"
          >
            Contacts Manager
          </h6>
        </a>
      </div>
    </header>
    <section
      class="makeStyles-root-74"
    >
      <h1
        class="MuiTypography-root makeStyles-title-75 MuiTypography-h6"
      >
        All Contacts
      </h1>
      <section
        class="makeStyles-root-77"
      />
      <a
        href="/new"
        style="text-decoration: none;"
      >
        <button
          aria-label="add"
          class="MuiButtonBase-root MuiFab-root makeStyles-floatButton-76 MuiFab-primary"
          tabindex="0"
          type="button"
        >
          <span
            class="MuiFab-label"
          >
            <svg
              aria-hidden="true"
              class="MuiSvgIcon-root"
              focusable="false"
              role="presentation"
              viewBox="0 0 24 24"
            >
              <path
                d="M19 13h-6v6h-2v-6H5v-2h6V5h2v6h6v2z"
              />
            </svg>
          </span>
          <span
            class="MuiTouchRipple-root"
          />
        </button>
      </a>
    </section>
  </main>
</div>
`;
